============================= test session starts =============================
platform win32 -- Python 3.14.2, pytest-9.0.2, pluggy-1.6.0 -- C:\Users\Administrator\baum\.venv\Scripts\python.exe
cachedir: .pytest_cache
rootdir: C:\Users\Administrator\baum
configfile: pyproject.toml
collecting ... collected 12 items / 1 error

=================================== ERRORS ====================================
______________________ ERROR collecting test_output.txt _______________________

self = WindowsPath('C:/Users/Administrator/baum/test_output.txt')
encoding = 'utf-8', errors = None, newline = None

    def read_text(self, encoding=None, errors=None, newline=None):
        """
        Open the file in text mode, read it, and close the file.
        """
        # Call io.text_encoding() here to ensure any warning is raised at an
        # appropriate stack level.
        encoding = io.text_encoding(encoding)
        with self.open(mode='r', encoding=encoding, errors=errors, newline=newline) as f:
>           return f.read()
                   ^^^^^^^^

..\AppData\Local\Python\pythoncore-3.14-64\Lib\pathlib\__init__.py:788: 
_ _ _ _ _ _ _ _ _ _ _ _ _ _ _ _ _ _ _ _ _ _ _ _ _ _ _ _ _ _ _ _ _ _ _ _ _ _ _ _

self = <encodings.utf_8.IncrementalDecoder object at 0x000002120A576BD0>
input = b'\xff\xfe=\x00=\x00=\x00=\x00=\x00=\x00=\x00=\x00=\x00=\x00=\x00=\x00=\x00=\x00=\x00=\x00=\x00=\x00=\x00=\x00=\x00=\x...0g\x00f\x00i\x00l\x00e\x00:\x00 \x00p\x00y\x00p\x00r\x00o\x00j\x00e\x00c\x00t\x00.\x00t\x00o\x00m\x00l\x00\r\x00\n\x00'
final = True

>   ???
E   UnicodeDecodeError: 'utf-8' codec can't decode byte 0xff in position 0: invalid start byte

<frozen codecs>:325: UnicodeDecodeError
=========================== short test summary info ===========================
ERROR test_output.txt - UnicodeDecodeError: 'utf-8' codec can't decode byte 0xff in position 0: invalid start byte
!!!!!!!!!!!!!!!!!!! Interrupted: 1 error during collection !!!!!!!!!!!!!!!!!!!!
============================== 1 error in 0.27s ===============================
